Executing: curl -X POST http://localhost:3000/users -H "Content-Type: application/json" -d '{"name":"Иван", "email":"ivan@example.com"}'
  % Total    % Received % Xferd  Average Speed   Time    Time     Time  Current
                                 Dload  Upload   Total   Spent    Left  Speed
  0     0    0     0    0     0      0      0 --:--:-- --:--:-- --:--:--     0100    84  100    37  100    47  24552  31187 --:--:-- --:--:-- --:--:-- 84000
Email уже используется---------------------------------------
Executing: curl -X POST http://localhost:3000/users -H "Content-Type: application/json" -d '{"name":"Анна", "email":"anna@example.com"}'
  % Total    % Received % Xferd  Average Speed   Time    Time     Time  Current
                                 Dload  Upload   Total   Spent    Left  Speed
  0     0    0     0    0     0      0      0 --:--:-- --:--:-- --:--:--     0100    84  100    37  100    47  31382  39864 --:--:-- --:--:-- --:--:-- 84000
Email уже используется---------------------------------------
Executing: curl -X POST http://localhost:3000/rooms -H "Content-Type: application/json" -d '{"name":"Luxury Suite", "capacity":2, "price_per_night":150}'
  % Total    % Received % Xferd  Average Speed   Time    Time     Time  Current
                                 Dload  Upload   Total   Spent    Left  Speed
  0     0    0     0    0     0      0      0 --:--:-- --:--:-- --:--:--     0100   108  100    48  100    60  10517  13146 --:--:-- --:--:-- --:--:-- 27000
Комната добавлена успешно---------------------------------------
Executing: curl -X POST http://localhost:3000/rooms -H "Content-Type: application/json" -d '{"name":"Economy Room", "capacity":4, "price_per_night":100}'
  % Total    % Received % Xferd  Average Speed   Time    Time     Time  Current
                                 Dload  Upload   Total   Spent    Left  Speed
  0     0    0     0    0     0      0      0 --:--:-- --:--:-- --:--:--     0100   108  100    48  100    60   4787   5983 --:--:-- --:--:-- --:--:-- 10800
Комната добавлена успешно---------------------------------------
Executing: curl -X POST http://localhost:3000/rooms -H "Content-Type: application/json" -d '{"name":"Standard Room", "capacity":3, "price_per_night":120}'
  % Total    % Received % Xferd  Average Speed   Time    Time     Time  Current
                                 Dload  Upload   Total   Spent    Left  Speed
  0     0    0     0    0     0      0      0 --:--:-- --:--:-- --:--:--     0100   109  100    48  100    61   2901   3686 --:--:-- --:--:-- --:--:--  6812
Комната добавлена успешно---------------------------------------
Executing: curl -X POST http://localhost:3000/bookings -H "Content-Type: application/json" -d '{"user_id":1, "room_id":1, "start_date":"2024-11-20", "end_date":"2024-11-25"}'
  % Total    % Received % Xferd  Average Speed   Time    Time     Time  Current
                                 Dload  Upload   Total   Spent    Left  Speed
  0     0    0     0    0     0      0      0 --:--:-- --:--:-- --:--:--     0100    99  100    21  100    78  19867  73793 --:--:-- --:--:-- --:--:-- 99000
Cannot POST /bookings---------------------------------------
Executing: curl -X POST http://localhost:3000/bookings -H "Content-Type: application/json" -d '{"user_id":2, "room_id":2, "start_date":"2024-11-22", "end_date":"2024-11-27"}'
  % Total    % Received % Xferd  Average Speed   Time    Time     Time  Current
                                 Dload  Upload   Total   Spent    Left  Speed
  0     0    0     0    0     0      0      0 --:--:-- --:--:-- --:--:--     0100    99  100    21  100    78  19283  71625 --:--:-- --:--:-- --:--:-- 99000
Cannot POST /bookings---------------------------------------
Executing: curl "http://localhost:3000/rooms?capacity=2"
  % Total    % Received % Xferd  Average Speed   Time    Time     Time  Current
                                 Dload  Upload   Total   Spent    Left  Speed
  0     0    0     0    0     0      0      0 --:--:-- --:--:-- --:--:--     0100   609  100   609    0     0   470k      0 --:--:-- --:--:-- --:--:--  594k
[{"capacity":2,"created_at":"2024-11-18 19:14:39","id":4,"name":"Luxury Suite","price_per_night":150},{"capacity":4,"created_at":"2024-11-18 19:14:39","id":5,"name":"Economy Room","price_per_night":100},{"capacity":3,"created_at":"2024-11-18 19:14:39","id":6,"name":"Standard Room","price_per_night":120},{"capacity":2,"created_at":"2024-11-18 19:14:52","id":7,"name":"Luxury Suite","price_per_night":150},{"capacity":4,"created_at":"2024-11-18 19:14:52","id":8,"name":"Economy Room","price_per_night":100},{"capacity":3,"created_at":"2024-11-18 19:14:52","id":9,"name":"Standard Room","price_per_night":120}]---------------------------------------
Executing: curl "http://localhost:3000/rooms?min_price=100&max_price=150"
  % Total    % Received % Xferd  Average Speed   Time    Time     Time  Current
                                 Dload  Upload   Total   Spent    Left  Speed
  0     0    0     0    0     0      0      0 --:--:-- --:--:-- --:--:--     0100   609  100   609    0     0   489k      0 --:--:-- --:--:-- --:--:--  594k
[{"capacity":2,"created_at":"2024-11-18 19:14:39","id":4,"name":"Luxury Suite","price_per_night":150},{"capacity":4,"created_at":"2024-11-18 19:14:39","id":5,"name":"Economy Room","price_per_night":100},{"capacity":3,"created_at":"2024-11-18 19:14:39","id":6,"name":"Standard Room","price_per_night":120},{"capacity":2,"created_at":"2024-11-18 19:14:52","id":7,"name":"Luxury Suite","price_per_night":150},{"capacity":4,"created_at":"2024-11-18 19:14:52","id":8,"name":"Economy Room","price_per_night":100},{"capacity":3,"created_at":"2024-11-18 19:14:52","id":9,"name":"Standard Room","price_per_night":120}]---------------------------------------
Executing: curl "http://localhost:3000/rooms?start_date=2024-11-21&end_date=2024-11-23"
  % Total    % Received % Xferd  Average Speed   Time    Time     Time  Current
                                 Dload  Upload   Total   Spent    Left  Speed
  0     0    0     0    0     0      0      0 --:--:-- --:--:-- --:--:--     0100   609  100   609    0     0   477k      0 --:--:-- --:--:-- --:--:--  594k
[{"capacity":2,"created_at":"2024-11-18 19:14:39","id":4,"name":"Luxury Suite","price_per_night":150},{"capacity":4,"created_at":"2024-11-18 19:14:39","id":5,"name":"Economy Room","price_per_night":100},{"capacity":3,"created_at":"2024-11-18 19:14:39","id":6,"name":"Standard Room","price_per_night":120},{"capacity":2,"created_at":"2024-11-18 19:14:52","id":7,"name":"Luxury Suite","price_per_night":150},{"capacity":4,"created_at":"2024-11-18 19:14:52","id":8,"name":"Economy Room","price_per_night":100},{"capacity":3,"created_at":"2024-11-18 19:14:52","id":9,"name":"Standard Room","price_per_night":120}]---------------------------------------
Executing: curl "http://localhost:3000/rooms?capacity=4&min_price=100&max_price=200&start_date=2024-11-21&end_date=2024-11-23"
  % Total    % Received % Xferd  Average Speed   Time    Time     Time  Current
                                 Dload  Upload   Total   Spent    Left  Speed
  0     0    0     0    0     0      0      0 --:--:-- --:--:-- --:--:--     0100   203  100   203    0     0   155k      0 --:--:-- --:--:-- --:--:--  198k
[{"capacity":4,"created_at":"2024-11-18 19:14:39","id":5,"name":"Economy Room","price_per_night":100},{"capacity":4,"created_at":"2024-11-18 19:14:52","id":8,"name":"Economy Room","price_per_night":100}]---------------------------------------
Executing: curl -X DELETE http://localhost:3000/bookings/1
  % Total    % Received % Xferd  Average Speed   Time    Time     Time  Current
                                 Dload  Upload   Total   Spent    Left  Speed
  0     0    0     0    0     0      0      0 --:--:-- --:--:-- --:--:--     0100    25  100    25    0     0  24319      0 --:--:-- --:--:-- --:--:-- 25000
Cannot DELETE /bookings/1---------------------------------------
Executing: curl -X DELETE http://localhost:3000/bookings/2
  % Total    % Received % Xferd  Average Speed   Time    Time     Time  Current
                                 Dload  Upload   Total   Spent    Left  Speed
  0     0    0     0    0     0      0      0 --:--:-- --:--:-- --:--:--     0100    25  100    25    0     0  24366      0 --:--:-- --:--:-- --:--:-- 25000
Cannot DELETE /bookings/2---------------------------------------
Executing: curl -X DELETE http://localhost:3000/rooms/1
  % Total    % Received % Xferd  Average Speed   Time    Time     Time  Current
                                 Dload  Upload   Total   Spent    Left  Speed
  0     0    0     0    0     0      0      0 --:--:-- --:--:-- --:--:--     0100    34  100    34    0     0  29386      0 --:--:-- --:--:-- --:--:-- 34000
Комната не найдена---------------------------------------
Executing: curl -X DELETE http://localhost:3000/rooms/2
  % Total    % Received % Xferd  Average Speed   Time    Time     Time  Current
                                 Dload  Upload   Total   Spent    Left  Speed
  0     0    0     0    0     0      0      0 --:--:-- --:--:-- --:--:--     0100    34  100    34    0     0  30276      0 --:--:-- --:--:-- --:--:-- 34000
Комната не найдена---------------------------------------
Executing: curl -X DELETE http://localhost:3000/rooms/3
  % Total    % Received % Xferd  Average Speed   Time    Time     Time  Current
                                 Dload  Upload   Total   Spent    Left  Speed
  0     0    0     0    0     0      0      0 --:--:-- --:--:-- --:--:--     0100    34  100    34    0     0  30411      0 --:--:-- --:--:-- --:--:-- 34000
Комната не найдена---------------------------------------
Executing: curl http://localhost:3000/rooms
  % Total    % Received % Xferd  Average Speed   Time    Time     Time  Current
                                 Dload  Upload   Total   Spent    Left  Speed
  0     0    0     0    0     0      0      0 --:--:-- --:--:-- --:--:--     0100   609  100   609    0     0   516k      0 --:--:-- --:--:-- --:--:--  594k
[{"capacity":2,"created_at":"2024-11-18 19:14:39","id":4,"name":"Luxury Suite","price_per_night":150},{"capacity":4,"created_at":"2024-11-18 19:14:39","id":5,"name":"Economy Room","price_per_night":100},{"capacity":3,"created_at":"2024-11-18 19:14:39","id":6,"name":"Standard Room","price_per_night":120},{"capacity":2,"created_at":"2024-11-18 19:14:52","id":7,"name":"Luxury Suite","price_per_night":150},{"capacity":4,"created_at":"2024-11-18 19:14:52","id":8,"name":"Economy Room","price_per_night":100},{"capacity":3,"created_at":"2024-11-18 19:14:52","id":9,"name":"Standard Room","price_per_night":120}]---------------------------------------
Executing: curl http://localhost:3000/bookings
  % Total    % Received % Xferd  Average Speed   Time    Time     Time  Current
                                 Dload  Upload   Total   Spent    Left  Speed
  0     0    0     0    0     0      0      0 --:--:-- --:--:-- --:--:--     0100    20  100    20    0     0  18957      0 --:--:-- --:--:-- --:--:-- 20000
Cannot GET /bookings---------------------------------------
